// Jest Snapshot v1, https://goo.gl/fbAQLP

exports[`ForgetPasswordComponent should render without crushing 1`] = `
"<div className=\\"forgetPasswordComponent\\" id=\\"forgetPasswordComponent\\">
  <div className=\\"title\\">
    Forget Password
  </div>
  <div className=\\"divider\\" />
  <div className=\\"form\\">
    <ForgetPasswordForm onSubmit={[Function: onSubmit]} />
  </div>
</div>"
`;
