// Jest Snapshot v1, https://goo.gl/fbAQLP

exports[`ResetPasswordComponent should render without crushing 1`] = `
"<div className=\\"resetPasswordComponent\\" id=\\"resetPasswordComponent\\">
  <div className=\\"title\\">
     Reset Password
  </div>
  <div className=\\"divider\\" />
  <div className=\\"form\\">
    <ForgetPasswordForm onSubmit={[Function: onSubmit]} />
  </div>
</div>"
`;
