// Jest Snapshot v1, https://goo.gl/fbAQLP

exports[`ResetPasswordFormComponent should render without crushing 1`] = `
"<ContextProvider value={{...}}>
  <Form className=\\"resetPasswordForm\\" id=\\"resetPasswordForm\\">
    <FormikConnect(FieldInner) type=\\"password\\" name=\\"newPassword\\" className=\\"inputBox\\" placeHolder=\\"New Password\\" />
    <FormikConnect(ErrorMessageImpl) name=\\"newPassword\\" className=\\"alert\\" component=\\"div\\" />
    <FormikConnect(FieldInner) type=\\"password\\" name=\\"confirmationPassword\\" className=\\"inputBox\\" placeHolder=\\"Confirm New Password\\" />
    <FormikConnect(ErrorMessageImpl) name=\\"confirmationPassword\\" className=\\"alert\\" component=\\"div\\" />
    <button type=\\"submit\\" disabled={false} className=\\"submitButton\\">
      Change Password
    </button>
  </Form>
</ContextProvider>"
`;
