// Jest Snapshot v1, https://goo.gl/fbAQLP

exports[`ForgetPasswordForm should render without crushing 1`] = `
"<ContextProvider value={{...}}>
  <Form className=\\"forgetPasswordForm\\" id=\\"forgetPasswordForm\\">
    <FormikConnect(FieldInner) type=\\"input\\" name=\\"email\\" className=\\"inputBox\\" placeholder=\\"Email Address\\" />
    <FormikConnect(ErrorMessageImpl) name=\\"email\\" className=\\"alert\\" component=\\"div\\" />
    <button type=\\"submit\\" disabled={false} className=\\"submitButton\\">
      Reset My Password
    </button>
  </Form>
</ContextProvider>"
`;
